
> alimatrix@0.1.0 build
> prisma generate --no-engine && next build

Environment variables loaded from .env
Prisma schema loaded from prisma\schema.prisma

Ôťö Generated Prisma Client (v6.8.2, engine=none) to .\node_modules\@prisma\client in 150ms

Start by importing your Prisma Client (See: https://pris.ly/d/importing-client)

Tip: Interested in query caching in just a few lines of code? Try Accelerate today! https://pris.ly/tip-3-accelerate

   Ôľ▓ Next.js 15.3.2
   - Environments: .env
   - Experiments (use with caution):
     Ôťô optimizeCss

   Creating an optimized production build ...
 Ôťô Compiled successfully in 3.0s
   Skipping validation of types
   Skipping linting
   Collecting page data ...
   Generating static pages (0/30) ...
   Generating static pages (7/30) 
   Generating static pages (14/30) 
   Generating static pages (22/30) 
 Ôťô Generating static pages (30/30)
   Finalizing page optimization ...
   Collecting build traces ...

Route (app)                                 Size  First Load JS
Ôöî ÔŚő /                                    48.6 kB         168 kB
Ôöť ÔŚő /_not-found                            158 B         101 kB
Ôöť ÔŚő /alternatywna                        3.66 kB         161 kB
Ôöť Ăĺ /api/register-csrf                     158 B         101 kB
Ôöť Ăĺ /api/secure-submit                     158 B         101 kB
Ôöť Ăĺ /api/submit-form                       158 B         101 kB
Ôöť Ăĺ /api/submit-form-v2                    158 B         101 kB
Ôöť Ăĺ /api/subscribe                         158 B         101 kB
Ôöť Ăĺ /api/subscribe-v2                      158 B         101 kB
Ôöť ÔŚő /czas-opieki                         10.1 kB         163 kB
Ôöť ÔŚő /dochody-i-koszty                     7.2 kB         161 kB
Ôöť ÔŚő /dzieci                              8.21 kB         178 kB
Ôöť ÔŚő /dziekujemy                          3.83 kB         141 kB
Ôöť ÔŚő /finansowanie                        2.91 kB         164 kB
Ôöť ÔŚő /formularz                           1.11 kB         111 kB
Ôöť ÔŚő /informacje-o-tobie                   3.1 kB         173 kB
Ôöť ÔŚő /kontakt                             1.11 kB         111 kB
Ôöť ÔŚő /koszty-utrzymania                   5.96 kB         163 kB
Ôöť ÔŚő /opieka-wakacje                      3.97 kB         161 kB
Ôöť ÔŚő /podstawa-ustalen                    3.03 kB         164 kB
Ôöť ÔŚő /polityka-prywatnosci                1.11 kB         111 kB
Ôöť ÔŚő /postepowanie                        1.25 kB         120 kB
Ôöť ÔŚő /postepowanie/inne                   3.13 kB         173 kB
Ôöť ÔŚő /postepowanie/porozumienie           3.47 kB         176 kB
Ôöť ÔŚő /postepowanie/sadowe                 9.42 kB         182 kB
Ôöť ÔŚő /regulamin                           1.11 kB         111 kB
Ôöť ÔŚő /sciezka                             4.05 kB         161 kB
Ôöö ÔŚő /wysylka                              4.7 kB         162 kB
+ First Load JS shared by all             101 kB
  Ôöť chunks/1684-d9c72c3f563b6028.js      45.9 kB
  Ôöť chunks/4bd1b696-27f5d0cbd8e5df4e.js  53.2 kB
  Ôöö other shared chunks (total)          2.02 kB


Ăĺ Middleware                             34.2 kB

ÔŚő  (Static)   prerendered as static content
Ăĺ  (Dynamic)  server-rendered on demand

